	HTTP/1.1 200 OK
	Lamport-Clock: 2

	Title: My example feed
	Subtitle: for demonstration purposes
	Link: www.cs.adelaide.edu.au
	Updated: Fri Aug 07 18:30:02 ACST 2015
	Author: Santa Claus
	ID: urn::uuid:60a76c80-d399-11d9-b93C-0003939e0af6

	[Entry 1]
	Title: Nick sets assignment
	Link: www.cs.adelaide.edu.au/users/third/ds/
	ID: urn:uuid:1225c695-cfb8-4ebb-aaaa-80da344efa6a
	Updated: Fri Aug 07 18:30:02 ACST 2015
	Summary: here is some plain text. Because I'm not completely evil, you can assume that this will always be less than 1000 characters. And, as I've said before, it will always be plain text.

	[Entry 2]
	Title: second feed entry
	Link: www.cs.adelaide.edu.au/users/third/ds/14ds2s1
	ID: urn:uuid:1225c695-cfb8-4ebb-aaaa-80da344efa6b
	Updated: Fri Aug 07 18:29:02 ACST 2015
	Summary: here's another summary entry which a reader would normally use to work out if they wanted to read some more. It's quite handy.


